// Jest Snapshot v1, https://goo.gl/fbAQLP

exports[`Photowheel component setup renders correctly 1`] = `
<div
  className="container"
  onClick={[Function]}
>
  <div
    className="test"
  >
    test
  </div>
  <br />
  <div
    className="container"
  />
</div>
`;
